\BOOKMARK [1][-]{section.1}{Introduction}{}
\BOOKMARK [1][-]{section.2}{Linux}{}
\BOOKMARK [2][-]{subsection.2.1}{Process}{section.2}
\BOOKMARK [3][-]{subsubsection.2.1.1}{Process}{subsection.2.1}
\BOOKMARK [3][-]{subsubsection.2.1.2}{Thread}{subsection.2.1}
\BOOKMARK [3][-]{subsubsection.2.1.3}{CPU Scheduling}{subsection.2.1}
\BOOKMARK [2][-]{subsection.2.2}{I/O}{section.2}
\BOOKMARK [3][-]{subsubsection.2.2.1}{Data Structure}{subsection.2.2}
\BOOKMARK [3][-]{subsubsection.2.2.2}{Algorithms}{subsection.2.2}
\BOOKMARK [3][-]{subsubsection.2.2.3}{I/O scheduling}{subsection.2.2}
\BOOKMARK [3][-]{subsubsection.2.2.4}{Cryptography}{subsection.2.2}
\BOOKMARK [2][-]{subsection.2.3}{Memory Management}{section.2}
\BOOKMARK [3][-]{subsubsection.2.3.1}{Memory Management}{subsection.2.3}
\BOOKMARK [3][-]{subsubsection.2.3.2}{Services}{subsection.2.3}
\BOOKMARK [3][-]{subsubsection.2.3.3}{Pages}{subsection.2.3}
\BOOKMARK [3][-]{subsubsection.2.3.4}{Features}{subsection.2.3}
\BOOKMARK [1][-]{section.3}{Windows}{}
\BOOKMARK [2][-]{subsection.3.1}{Process}{section.3}
\BOOKMARK [3][-]{subsubsection.3.1.1}{Process}{subsection.3.1}
\BOOKMARK [3][-]{subsubsection.3.1.2}{Thread}{subsection.3.1}
\BOOKMARK [3][-]{subsubsection.3.1.3}{Fiber}{subsection.3.1}
\BOOKMARK [3][-]{subsubsection.3.1.4}{CPU Scheduling}{subsection.3.1}
\BOOKMARK [2][-]{subsection.3.2}{I/O}{section.3}
\BOOKMARK [3][-]{subsubsection.3.2.1}{Data Structure}{subsection.3.2}
\BOOKMARK [3][-]{subsubsection.3.2.2}{I/O scheduling}{subsection.3.2}
\BOOKMARK [3][-]{subsubsection.3.2.3}{Cryptography}{subsection.3.2}
\BOOKMARK [2][-]{subsection.3.3}{Memory Management}{section.3}
\BOOKMARK [3][-]{subsubsection.3.3.1}{Memory Management}{subsection.3.3}
\BOOKMARK [3][-]{subsubsection.3.3.2}{Size}{subsection.3.3}
\BOOKMARK [3][-]{subsubsection.3.3.3}{Service}{subsection.3.3}
\BOOKMARK [3][-]{subsubsection.3.3.4}{Page}{subsection.3.3}
\BOOKMARK [3][-]{subsubsection.3.3.5}{Feature}{subsection.3.3}
\BOOKMARK [3][-]{subsubsection.3.3.6}{Comparing to Linux}{subsection.3.3}
\BOOKMARK [1][-]{section.4}{FreeBSD}{}
\BOOKMARK [2][-]{subsection.4.1}{Process}{section.4}
\BOOKMARK [3][-]{subsubsection.4.1.1}{Process}{subsection.4.1}
\BOOKMARK [3][-]{subsubsection.4.1.2}{Thread}{subsection.4.1}
\BOOKMARK [3][-]{subsubsection.4.1.3}{CPU Scheduling}{subsection.4.1}
\BOOKMARK [2][-]{subsection.4.2}{I/O}{section.4}
\BOOKMARK [3][-]{subsubsection.4.2.1}{Data Structure}{subsection.4.2}
\BOOKMARK [3][-]{subsubsection.4.2.2}{I/O scheduling}{subsection.4.2}
\BOOKMARK [3][-]{subsubsection.4.2.3}{Cryptography}{subsection.4.2}
\BOOKMARK [3][-]{subsubsection.4.2.4}{Kernel System Queue Synopsis}{subsection.4.2}
\BOOKMARK [2][-]{subsection.4.3}{Memory Management}{section.4}
\BOOKMARK [3][-]{subsubsection.4.3.1}{Memory Management}{subsection.4.3}
\BOOKMARK [3][-]{subsubsection.4.3.2}{Pages}{subsection.4.3}
\BOOKMARK [3][-]{subsubsection.4.3.3}{Services and Features}{subsection.4.3}
\BOOKMARK [3][-]{subsubsection.4.3.4}{FreeBSD and Linux Comparison}{subsection.4.3}
\BOOKMARK [1][-]{section.5}{conclusion}{}
